{"888554962724278272": 144, "874012996292530176": 144, "872820683541237760": 144, "872486979161796608": 144, "870063196459192321": 144, "867051520902168576": 144, "862096992088072192": 144, "857029823797047296": 144, "852189679701164033": 144, "845677943972139009": 144, "844973813909606400": 144, "843235543001513987": 144, "837471256429613056": 144, "837110210464448512": 144, "829449946868879360": 144, "827324948884643840": 144, "812781120811126785": 144, "802265048156610565": 144, "775350846108426240": 144, "770772759874076672": 144, "754120377874386944": 144, "680070545539371008": 144}